// Jest Snapshot v1, https://goo.gl/fbAQLP

exports[`avgtempinsfax should fetch the avgtempinsfax from the database events collection 1`] = `
Object {
  "body": "{\\"_id\\":\\"avgtempinsfax.lambda.test\\",\\"city\\":\\"sfax\\",\\"temperature\\":\\"12\\",\\"unit\\":\\"C\\"}",
  "isBase64Encoded": false,
  "statusCode": 200,
}
`;
